
<!-- Slideshow_XH info -->
<h1>Slideshow 1.4-dev</h1>
<h2>Synopsis</h2>
<pre>&lt;?=slideshow('FOLDER', 'OPTIONS')?&gt;
{{{slideshow('FOLDER', 'OPTIONS')}}}</pre>
<dl>
  <dt>FOLDER:</dt>
  <dd>The path of a folder relative to CMSimple_XH's image folder.</dd>
  <dt>OPTIONS:</dt>
  <dd>Optional settings in form of a query string (option1=value1&amp;option2=value2). The following options are available:  <dl>
    <dt>order</dt>
    <dd>The order of the images: &quot;fixed&quot; (alphabetically ordered; start with first image), &quot;sorted&quot; (alphabetically sorted; start with randomly chosen image) or &quot;random&quot; (randomly ordered).</dd>
    <dt>effect</dt>
    <dd>The kind of the transition.</dd>
    <dt>easing</dt>
    <dd>The acceleration effect.</dd>
    <dt>delay</dt>
    <dd>The initial delay in ms until the slideshow starts.</dd>
    <dt>pause</dt>
    <dd>The duration of the pause between the transitions in ms.</dd>
    <dt>duration</dt>
    <dd>The duration of the transition effect in ms.</dd>
  </dl></dd>
</dl>
<h2>System check</h2>
<p class="xh_fail">PHP version ≥ 7.1.0</p>
<p class="xh_fail">CMSimple_XH version ≥ 1.7.0</p>
<p class="xh_fail">Plib_XH version ≥ 1.2</p>
<p class="xh_warning">Folder './plugins/slideshow/config/' writable</p>
<p class="xh_warning">Folder './plugins/slideshow/css/' writable</p>
<p class="xh_warning">Folder './plugins/slideshow/languages/' writable</p>
